<dec f='halide/build-apps/abseil-cpp/absl/status/status.h' l='66' type='std::atomic&lt;int32_t&gt;'/>
<use f='halide/build-apps/abseil-cpp/absl/status/status.h' l='369' u='m' c='_ZN4absl14lts_2020_02_256Status3RefEm'/>
<use f='halide/build-apps/abseil-cpp/absl/status/status.cc' l='206' u='m' c='_ZN4absl14lts_2020_02_256Status15UnrefNonInlinedEm'/>
<use f='halide/build-apps/abseil-cpp/absl/status/status.cc' l='207' u='m' c='_ZN4absl14lts_2020_02_256Status15UnrefNonInlinedEm'/>
<use f='halide/build-apps/abseil-cpp/absl/status/status.cc' l='215' u='m' c='_ZN4absl14lts_2020_02_256Status6NewRepENS0_10StatusCodeENS0_11string_viewESt10unique_ptrINS0_13InlinedVectorINS0_15status_internal7PayloadELm1ESaIS7_E16023324'/>
<use f='halide/build-apps/abseil-cpp/absl/status/status.cc' l='251' u='m' c='_ZN4absl14lts_2020_02_256Status15PrepareToModifyEv'/>
<offset>0</offset>
