<dec f='halide/llvm-install/include/llvm/Analysis/AliasAnalysis.h' l='121' type='5'/>
<use f='halide/llvm-install/include/llvm/Analysis/AliasAnalysis.h' l='125' u='r'/>
<use f='halide/llvm-install/include/llvm/Analysis/AliasAnalysis.h' l='180' u='r' c='_ZN4llvm8clearModENS_10ModRefInfoE'/>
<use f='halide/llvm-install/include/llvm/Analysis/AliasAnalysis.h' l='235' u='r'/>
<use f='halide/llvm-install/include/llvm/Analysis/AliasAnalysis.h' l='259' u='r'/>
<use f='halide/llvm-install/include/llvm/Analysis/AliasAnalysis.h' l='284' u='r'/>
<use f='halide/llvm-install/include/llvm/Analysis/AliasAnalysis.h' l='314' u='r'/>
<doc f='halide/llvm-install/include/llvm/Analysis/AliasAnalysis.h' l='120'>/// The access may reference the value stored in memory.</doc>
