<def f='llvm/compiler-rt/lib/tsan/rtl/tsan_dense_alloc.h' l='74' ll='78' type='T * __tsan::DenseSlabAlloc::Map(__tsan::DenseSlabAlloc::IndexT idx)'/>
<use f='llvm/compiler-rt/lib/tsan/rtl/tsan_dense_alloc.h' l='84' u='c' c='__tsan::DenseSlabAlloc::FlushCache'/>
<use f='llvm/compiler-rt/lib/tsan/rtl/tsan_dense_alloc.h' l='125' u='c' c='__tsan::DenseSlabAlloc::Refill'/>
<use f='llvm/compiler-rt/lib/tsan/rtl/tsan_dense_alloc.h' l='133' u='c' c='__tsan::DenseSlabAlloc::Drain'/>
<use f='llvm/compiler-rt/lib/tsan/rtl/tsan_clock.cpp' l='99' u='c' c='__tsan::UnrefClockBlock'/>
<use f='llvm/compiler-rt/lib/tsan/rtl/tsan_clock.cpp' l='298' u='c' c='__tsan::ThreadClock::ReleaseStore'/>
<use f='llvm/compiler-rt/lib/tsan/rtl/tsan_clock.cpp' l='475' u='c' c='__tsan::SyncClock::Resize'/>
<use f='llvm/compiler-rt/lib/tsan/rtl/tsan_clock.cpp' l='481' u='c' c='__tsan::SyncClock::Resize'/>
<use f='llvm/compiler-rt/lib/tsan/rtl/tsan_clock.cpp' l='495' u='c' c='__tsan::SyncClock::Resize'/>
<use f='llvm/compiler-rt/lib/tsan/rtl/tsan_clock.cpp' l='579' u='c' c='__tsan::SyncClock::elem'/>
<use f='llvm/compiler-rt/lib/tsan/rtl/tsan_clock.cpp' l='639' u='c' c='__tsan::SyncClock::Iter::Next'/>
<use f='llvm/compiler-rt/lib/tsan/rtl/tsan_sync.cpp' l='63' u='c' c='__tsan::MetaMap::AllocBlock'/>
<use f='llvm/compiler-rt/lib/tsan/rtl/tsan_sync.cpp' l='102' u='c' c='__tsan::MetaMap::FreeRange'/>
<use f='llvm/compiler-rt/lib/tsan/rtl/tsan_sync.cpp' l='189' u='c' c='__tsan::MetaMap::GetBlock'/>
<use f='llvm/compiler-rt/lib/tsan/rtl/tsan_sync.cpp' l='191' u='c' c='__tsan::MetaMap::GetBlock'/>
<use f='llvm/compiler-rt/lib/tsan/rtl/tsan_sync.cpp' l='219' u='c' c='__tsan::MetaMap::GetAndLock'/>
<use f='llvm/compiler-rt/lib/tsan/rtl/tsan_sync.cpp' l='243' u='c' c='__tsan::MetaMap::GetAndLock'/>
<use f='llvm/compiler-rt/lib/tsan/rtl/tsan_sync.cpp' l='284' u='c' c='__tsan::MetaMap::MoveMemory'/>
