<dec f='llvm/clang/lib/CodeGen/CGOpenMPRuntime.h' l='137' type='const clang::Expr *'/>
<use f='llvm/clang/lib/CodeGen/CGOpenMPRuntime.h' l='144' u='w' c='_ZN5clang7CodeGen16ReductionCodeGen13ReductionDataC1EPKNS_4ExprES5_S5_S5_'/>
<use f='llvm/clang/lib/CodeGen/CGOpenMPRuntime.h' l='220' u='r' c='_ZNK5clang7CodeGen16ReductionCodeGen10getRefExprEj'/>
<offset>64</offset>
<doc f='llvm/clang/lib/CodeGen/CGOpenMPRuntime.h' l='136'>/// Reference to the original item.</doc>
<use f='llvm/clang/lib/CodeGen/CGOpenMPRuntime.cpp' l='805' u='r' c='_ZN5clang7CodeGen16ReductionCodeGen20emitSharedOrigLValueERNS0_15CodeGenFunctionEj'/>
<use f='llvm/clang/lib/CodeGen/CGOpenMPRuntime.cpp' l='808' u='r' c='_ZN5clang7CodeGen16ReductionCodeGen20emitSharedOrigLValueERNS0_15CodeGenFunctionEj'/>
<use f='llvm/clang/lib/CodeGen/CGOpenMPRuntime.cpp' l='809' u='r' c='_ZN5clang7CodeGen16ReductionCodeGen20emitSharedOrigLValueERNS0_15CodeGenFunctionEj'/>
<use f='llvm/clang/lib/CodeGen/CGOpenMPRuntime.cpp' l='818' u='r' c='_ZN5clang7CodeGen16ReductionCodeGen17emitAggregateTypeERNS0_15CodeGenFunctionEj'/>
<use f='llvm/clang/lib/CodeGen/CGOpenMPRuntime.cpp' l='996' u='r' c='_ZN5clang7CodeGen16ReductionCodeGen20adjustPrivateAddressERNS0_15CodeGenFunctionEjNS0_7AddressE'/>
<use f='llvm/clang/lib/CodeGen/CGOpenMPRuntime.cpp' l='1015' u='r' c='_ZN5clang7CodeGen16ReductionCodeGen20adjustPrivateAddressERNS0_15CodeGenFunctionEjNS0_7AddressE'/>
