<dec f='llvm/build/tools/clang/include/clang/AST/Attrs.inc' l='6518' type='clang::Expr *'/>
<use f='llvm/build/tools/clang/include/clang/AST/Attrs.inc' l='6537' u='r' c='_ZNK5clang20OMPReferencedVarAttr6getRefEv'/>
<offset>320</offset>
<use f='llvm/build/tools/clang/include/clang/AST/AttrImpl.inc' l='15157' u='w' c='_ZN5clang20OMPReferencedVarAttrC1ERNS_10ASTContextERKNS_19AttributeCommonInfoEPNS_4ExprE'/>
<use f='llvm/build/tools/clang/include/clang/AST/AttrImpl.inc' l='15164' u='r' c='_ZNK5clang20OMPReferencedVarAttr5cloneERNS_10ASTContextE'/>
