<dec f='llvm/clang/include/clang/StaticAnalyzer/Core/PathSensitive/FunctionSummary.h' l='58' type='clang::ento::FunctionSummariesTy::MapTy'/>
<use f='llvm/clang/include/clang/StaticAnalyzer/Core/PathSensitive/FunctionSummary.h' l='62' u='m' c='_ZN5clang4ento19FunctionSummariesTy19findOrInsertSummaryEPKNS_4DeclE'/>
<use f='llvm/clang/include/clang/StaticAnalyzer/Core/PathSensitive/FunctionSummary.h' l='63' u='m' c='_ZN5clang4ento19FunctionSummariesTy19findOrInsertSummaryEPKNS_4DeclE'/>
<use f='llvm/clang/include/clang/StaticAnalyzer/Core/PathSensitive/FunctionSummary.h' l='68' u='m' c='_ZN5clang4ento19FunctionSummariesTy19findOrInsertSummaryEPKNS_4DeclE'/>
<use f='llvm/clang/include/clang/StaticAnalyzer/Core/PathSensitive/FunctionSummary.h' l='90' u='m' c='_ZN5clang4ento19FunctionSummariesTy9mayInlineEPKNS_4DeclE'/>
<use f='llvm/clang/include/clang/StaticAnalyzer/Core/PathSensitive/FunctionSummary.h' l='91' u='m' c='_ZN5clang4ento19FunctionSummariesTy9mayInlineEPKNS_4DeclE'/>
<use f='llvm/clang/include/clang/StaticAnalyzer/Core/PathSensitive/FunctionSummary.h' l='108' u='m' c='_ZN5clang4ento19FunctionSummariesTy24getNumVisitedBasicBlocksEPKNS_4DeclE'/>
<use f='llvm/clang/include/clang/StaticAnalyzer/Core/PathSensitive/FunctionSummary.h' l='109' u='m' c='_ZN5clang4ento19FunctionSummariesTy24getNumVisitedBasicBlocksEPKNS_4DeclE'/>
<use f='llvm/clang/include/clang/StaticAnalyzer/Core/PathSensitive/FunctionSummary.h' l='115' u='m' c='_ZN5clang4ento19FunctionSummariesTy18getNumTimesInlinedEPKNS_4DeclE'/>
<use f='llvm/clang/include/clang/StaticAnalyzer/Core/PathSensitive/FunctionSummary.h' l='116' u='m' c='_ZN5clang4ento19FunctionSummariesTy18getNumTimesInlinedEPKNS_4DeclE'/>
<use f='llvm/clang/include/clang/StaticAnalyzer/Core/PathSensitive/FunctionSummary.h' l='128' u='m' c='_ZN5clang4ento19FunctionSummariesTy25getPercentBlocksReachableEPKNS_4DeclE'/>
<use f='llvm/clang/include/clang/StaticAnalyzer/Core/PathSensitive/FunctionSummary.h' l='129' u='m' c='_ZN5clang4ento19FunctionSummariesTy25getPercentBlocksReachableEPKNS_4DeclE'/>
<offset>0</offset>
<use f='llvm/clang/lib/StaticAnalyzer/Core/FunctionSummary.cpp' l='20' c='_ZN5clang4ento19FunctionSummariesTy22getTotalNumBasicBlocksEv'/>
<use f='llvm/clang/lib/StaticAnalyzer/Core/FunctionSummary.cpp' l='27' c='_ZN5clang4ento19FunctionSummariesTy29getTotalNumVisitedBasicBlocksEv'/>
