<dec f='llvm/clang/lib/Lex/ModuleMap.cpp' l='1414' type='clang::ModuleMap &amp;'/>
<use f='llvm/clang/lib/Lex/ModuleMap.cpp' l='1491' u='w' c='_ZN5clang15ModuleMapParserC1ERNS_5LexerERNS_13SourceManagerEPKNS_10TargetInfoERNS_17DiagnosticsEngineERNS_9ModuleMapEPKNS_9FileEntryEPKNS_14DirectoryEntryEb'/>
<use f='llvm/clang/lib/Lex/ModuleMap.cpp' l='1762' u='m' c='_ZN5clang15ModuleMapParser22diagnosePrivateModulesENS_14SourceLocationES1_'/>
<use f='llvm/clang/lib/Lex/ModuleMap.cpp' l='1762' u='m' c='_ZN5clang15ModuleMapParser22diagnosePrivateModulesENS_14SourceLocationES1_'/>
<use f='llvm/clang/lib/Lex/ModuleMap.cpp' l='1897' u='m' c='_ZN5clang15ModuleMapParser15parseModuleDeclEv'/>
<use f='llvm/clang/lib/Lex/ModuleMap.cpp' l='1913' u='m' c='_ZN5clang15ModuleMapParser15parseModuleDeclEv'/>
<use f='llvm/clang/lib/Lex/ModuleMap.cpp' l='1917' u='m' c='_ZN5clang15ModuleMapParser15parseModuleDeclEv'/>
<use f='llvm/clang/lib/Lex/ModuleMap.cpp' l='1940' u='m' c='_ZN5clang15ModuleMapParser15parseModuleDeclEv'/>
<use f='llvm/clang/lib/Lex/ModuleMap.cpp' l='1949' u='m' c='_ZN5clang15ModuleMapParser15parseModuleDeclEv'/>
<use f='llvm/clang/lib/Lex/ModuleMap.cpp' l='1950' u='m' c='_ZN5clang15ModuleMapParser15parseModuleDeclEv'/>
<use f='llvm/clang/lib/Lex/ModuleMap.cpp' l='1966' u='m' c='_ZN5clang15ModuleMapParser15parseModuleDeclEv'/>
<use f='llvm/clang/lib/Lex/ModuleMap.cpp' l='1987' u='m' c='_ZN5clang15ModuleMapParser15parseModuleDeclEv'/>
<use f='llvm/clang/lib/Lex/ModuleMap.cpp' l='1990' u='m' c='_ZN5clang15ModuleMapParser15parseModuleDeclEv'/>
<use f='llvm/clang/lib/Lex/ModuleMap.cpp' l='2015' u='m' c='_ZN5clang15ModuleMapParser15parseModuleDeclEv'/>
<use f='llvm/clang/lib/Lex/ModuleMap.cpp' l='2167' u='m' c='_ZN5clang15ModuleMapParser21parseExternModuleDeclEv'/>
<use f='llvm/clang/lib/Lex/ModuleMap.cpp' l='2169' u='m' c='_ZN5clang15ModuleMapParser21parseExternModuleDeclEv'/>
<use f='llvm/clang/lib/Lex/ModuleMap.cpp' l='2248' u='m' c='_ZN5clang15ModuleMapParser17parseRequiresDeclEv'/>
<use f='llvm/clang/lib/Lex/ModuleMap.cpp' l='2249' u='m' c='_ZN5clang15ModuleMapParser17parseRequiresDeclEv'/>
<use f='llvm/clang/lib/Lex/ModuleMap.cpp' l='2315' u='m' c='_ZN5clang15ModuleMapParser15parseHeaderDeclENS_7MMToken9TokenKindENS_14SourceLocationE'/>
<use f='llvm/clang/lib/Lex/ModuleMap.cpp' l='2381' u='m' c='_ZN5clang15ModuleMapParser15parseHeaderDeclENS_7MMToken9TokenKindENS_14SourceLocationE'/>
<use f='llvm/clang/lib/Lex/ModuleMap.cpp' l='2458' u='m' c='_ZN5clang15ModuleMapParser20parseUmbrellaDirDeclENS_14SourceLocationE'/>
<use f='llvm/clang/lib/Lex/ModuleMap.cpp' l='2462' u='m' c='_ZN5clang15ModuleMapParser20parseUmbrellaDirDeclENS_14SourceLocationE'/>
<use f='llvm/clang/lib/Lex/ModuleMap.cpp' l='2470' u='m' c='_ZN5clang15ModuleMapParser20parseUmbrellaDirDeclENS_14SourceLocationE'/>
<use f='llvm/clang/lib/Lex/ModuleMap.cpp' l='2553' u='m' c='_ZN5clang15ModuleMapParser17parseExportAsDeclEv'/>
<use f='llvm/clang/lib/Lex/ModuleMap.cpp' l='2782' u='m' c='_ZN5clang15ModuleMapParser23parseInferredModuleDeclEbb'/>
<use f='llvm/clang/lib/Lex/ModuleMap.cpp' l='2783' u='m' c='_ZN5clang15ModuleMapParser23parseInferredModuleDeclEbb'/>
<use f='llvm/clang/lib/Lex/ModuleMap.cpp' l='2784' u='m' c='_ZN5clang15ModuleMapParser23parseInferredModuleDeclEbb'/>
<use f='llvm/clang/lib/Lex/ModuleMap.cpp' l='2820' u='m' c='_ZN5clang15ModuleMapParser23parseInferredModuleDeclEbb'/>
<offset>256</offset>
