<dec f='llvm/polly/lib/External/isl/isl_polynomial_private.h' l='11' type='int'/>
<offset>0</offset>
<use f='llvm/polly/lib/External/isl/isl_polynomial.c' l='297' u='w' c='isl_poly_cst_alloc'/>
<use f='llvm/polly/lib/External/isl/isl_polynomial.c' l='404' u='w' c='isl_poly_alloc_rec'/>
<use f='llvm/polly/lib/External/isl/isl_polynomial.c' l='644' u='w' c='isl_poly_copy'/>
<use f='llvm/polly/lib/External/isl/isl_polynomial.c' l='711' u='r' c='isl_poly_cow'/>
<use f='llvm/polly/lib/External/isl/isl_polynomial.c' l='713' u='w' c='isl_poly_cow'/>
<use f='llvm/polly/lib/External/isl/isl_polynomial.c' l='722' u='w' c='isl_poly_free'/>
