<dec f='llvm/polly/lib/External/isl/isl_reordering.h' l='15' type='int'/>
<offset>0</offset>
<use f='llvm/polly/lib/External/isl/isl_reordering.c' l='25' u='w' c='isl_reordering_alloc'/>
<use f='llvm/polly/lib/External/isl/isl_reordering.c' l='37' u='w' c='isl_reordering_copy'/>
<use f='llvm/polly/lib/External/isl/isl_reordering.c' l='67' u='r' c='isl_reordering_cow'/>
<use f='llvm/polly/lib/External/isl/isl_reordering.c' l='69' u='w' c='isl_reordering_cow'/>
<use f='llvm/polly/lib/External/isl/isl_reordering.c' l='78' u='w' c='isl_reordering_free'/>
