<dec f='llvm/polly/lib/External/isl/isl_map_private.h' l='37' type='int'/>
<offset>0</offset>
<use f='llvm/polly/lib/External/isl/isl_map.c' l='421' u='r' c='isl_basic_map_take_space'/>
<use f='llvm/polly/lib/External/isl/isl_map.c' l='1265' u='w' c='basic_map_init'/>
<use f='llvm/polly/lib/External/isl/isl_map.c' l='1406' u='w' c='isl_basic_set_copy'/>
<use f='llvm/polly/lib/External/isl/isl_map.c' l='1427' u='w' c='isl_basic_map_copy'/>
<use f='llvm/polly/lib/External/isl/isl_map.c' l='1450' u='w' c='isl_basic_map_free'/>
<use f='llvm/polly/lib/External/isl/isl_map.c' l='1999' u='r' c='isl_basic_map_cow'/>
<use f='llvm/polly/lib/External/isl/isl_map.c' l='2000' u='w' c='isl_basic_map_cow'/>
<use f='llvm/polly/lib/External/isl/isl_map.c' l='3318' u='r' c='isl_basic_set_print_internal'/>
<use f='llvm/polly/lib/External/isl/isl_map.c' l='3343' u='r' c='isl_basic_map_print_internal'/>
