<dec f='llvm/polly/lib/External/isl/isl_morph.h' l='29' type='int'/>
<offset>0</offset>
<use f='llvm/polly/lib/External/isl/isl_morph.c' l='44' u='w' c='isl_morph_alloc'/>
<use f='llvm/polly/lib/External/isl/isl_morph.c' l='64' u='w' c='isl_morph_copy'/>
<use f='llvm/polly/lib/External/isl/isl_morph.c' l='83' u='r' c='isl_morph_cow'/>
<use f='llvm/polly/lib/External/isl/isl_morph.c' l='85' u='w' c='isl_morph_cow'/>
<use f='llvm/polly/lib/External/isl/isl_morph.c' l='94' u='w' c='isl_morph_free'/>
