<dec f='llvm/polly/lib/External/isl/isl_mat_private.h' l='8' type='int'/>
<offset>0</offset>
<use f='llvm/polly/lib/External/isl/isl_mat.c' l='78' u='w' c='isl_mat_alloc'/>
<use f='llvm/polly/lib/External/isl/isl_mat.c' l='164' u='w' c='isl_mat_sub_alloc6'/>
<use f='llvm/polly/lib/External/isl/isl_mat.c' l='207' u='w' c='isl_mat_copy'/>
<use f='llvm/polly/lib/External/isl/isl_mat.c' l='232' u='r' c='isl_mat_cow'/>
<use f='llvm/polly/lib/External/isl/isl_mat.c' l='245' u='w' c='isl_mat_free'/>
