<dec f='llvm/polly/lib/External/isl/isl_schedule_private.h' l='18' type='int'/>
<use f='llvm/polly/lib/External/isl/isl_schedule.c' l='57' u='w' c='isl_schedule_from_schedule_tree'/>
<use f='llvm/polly/lib/External/isl/isl_schedule.c' l='98' u='w' c='isl_schedule_copy'/>
<use f='llvm/polly/lib/External/isl/isl_schedule.c' l='112' u='r' c='isl_schedule_cow'/>
<use f='llvm/polly/lib/External/isl/isl_schedule.c' l='116' u='w' c='isl_schedule_cow'/>
<use f='llvm/polly/lib/External/isl/isl_schedule.c' l='126' u='w' c='isl_schedule_free'/>
<offset>0</offset>
