<dec f='llvm/polly/lib/External/isl/isl_map_private.h' l='97' type='int'/>
<offset>0</offset>
<use f='llvm/polly/lib/External/isl/isl_map.c' l='604' u='r' c='isl_map_take_space'/>
<use f='llvm/polly/lib/External/isl/isl_map.c' l='1417' u='w' c='isl_set_copy'/>
<use f='llvm/polly/lib/External/isl/isl_map.c' l='1441' u='w' c='isl_map_copy'/>
<use f='llvm/polly/lib/External/isl/isl_map.c' l='2044' u='r' c='isl_map_cow'/>
<use f='llvm/polly/lib/External/isl/isl_map.c' l='2046' u='w' c='isl_map_cow'/>
<use f='llvm/polly/lib/External/isl/isl_map.c' l='3460' u='r' c='isl_set_print_internal'/>
<use f='llvm/polly/lib/External/isl/isl_map.c' l='3481' u='r' c='isl_map_print_internal'/>
<use f='llvm/polly/lib/External/isl/isl_map.c' l='6178' u='w' c='isl_map_alloc_space'/>
<use f='llvm/polly/lib/External/isl/isl_map.c' l='6334' u='w' c='isl_map_free'/>
