<dec f='llvm/polly/lib/External/isl/isl_id_private.h' l='22' type='int'/>
<offset>0</offset>
<use f='llvm/polly/lib/External/isl/isl_id.c' l='24' u='w'/>
<use f='llvm/polly/lib/External/isl/isl_id.c' l='58' u='w' c='id_alloc'/>
<use f='llvm/polly/lib/External/isl/isl_id.c' l='133' u='r' c='isl_id_copy'/>
<use f='llvm/polly/lib/External/isl/isl_id.c' l='136' u='w' c='isl_id_copy'/>
<use f='llvm/polly/lib/External/isl/isl_id.c' l='203' u='r' c='isl_id_free'/>
<use f='llvm/polly/lib/External/isl/isl_id.c' l='206' u='w' c='isl_id_free'/>
