<dec f='llvm/polly/lib/External/isl/isl_aff_private.h' l='17' type='int'/>
<use f='llvm/polly/lib/External/isl/isl_aff.c' l='73' u='w' c='isl_aff_alloc_vec'/>
<use f='llvm/polly/lib/External/isl/isl_aff.c' l='117' u='w' c='isl_aff_copy'/>
<use f='llvm/polly/lib/External/isl/isl_aff.c' l='135' u='r' c='isl_aff_cow'/>
<use f='llvm/polly/lib/External/isl/isl_aff.c' l='137' u='w' c='isl_aff_cow'/>
<use f='llvm/polly/lib/External/isl/isl_aff.c' l='340' u='w' c='isl_aff_free'/>
<use f='llvm/polly/lib/External/isl/isl_aff.c' l='491' u='r' c='isl_aff_take_domain_local_space'/>
<offset>0</offset>
