<dec f='llvm/polly/lib/External/isl/isl_val_private.h' l='18' type='int'/>
<offset>0</offset>
<use f='llvm/polly/lib/External/isl/isl_val.c' l='31' u='w' c='isl_val_alloc'/>
<use f='llvm/polly/lib/External/isl/isl_val.c' l='223' u='w' c='isl_val_copy'/>
<use f='llvm/polly/lib/External/isl/isl_val.c' l='254' u='r' c='isl_val_cow'/>
<use f='llvm/polly/lib/External/isl/isl_val.c' l='256' u='w' c='isl_val_cow'/>
<use f='llvm/polly/lib/External/isl/isl_val.c' l='267' u='w' c='isl_val_free'/>
