<dec f='llvm/polly/lib/External/isl/isl_ast_private.h' l='105' type='int'/>
<use f='llvm/polly/lib/External/isl/isl_ast.c' l='42' u='w' c='isl_ast_print_options_alloc'/>
<use f='llvm/polly/lib/External/isl/isl_ast.c' l='75' u='r' c='isl_ast_print_options_cow'/>
<use f='llvm/polly/lib/External/isl/isl_ast.c' l='77' u='w' c='isl_ast_print_options_cow'/>
<use f='llvm/polly/lib/External/isl/isl_ast.c' l='87' u='w' c='isl_ast_print_options_copy'/>
<use f='llvm/polly/lib/External/isl/isl_ast.c' l='97' u='w' c='isl_ast_print_options_free'/>
<offset>0</offset>
