<dec f='llvm/polly/lib/External/isl/isl_vec_private.h' l='8' type='int'/>
<offset>0</offset>
<use f='llvm/polly/lib/External/isl/isl_vec.c' l='46' u='w' c='isl_vec_alloc'/>
<use f='llvm/polly/lib/External/isl/isl_vec.c' l='202' u='w' c='isl_vec_copy'/>
<use f='llvm/polly/lib/External/isl/isl_vec.c' l='225' u='r' c='isl_vec_cow'/>
<use f='llvm/polly/lib/External/isl/isl_vec.c' l='238' u='w' c='isl_vec_free'/>
