<dec f='llvm/polly/lib/External/isl/isl_local_space_private.h' l='9' type='int'/>
<offset>0</offset>
<use f='llvm/polly/lib/External/isl/isl_local_space.c' l='62' u='w' c='isl_local_space_alloc_div'/>
<use f='llvm/polly/lib/External/isl/isl_local_space.c' l='104' u='w' c='isl_local_space_copy'/>
<use f='llvm/polly/lib/External/isl/isl_local_space.c' l='123' u='r' c='isl_local_space_cow'/>
<use f='llvm/polly/lib/External/isl/isl_local_space.c' l='125' u='w' c='isl_local_space_cow'/>
<use f='llvm/polly/lib/External/isl/isl_local_space.c' l='135' u='w' c='isl_local_space_free'/>
<use f='llvm/polly/lib/External/isl/isl_local_space.c' l='424' u='r' c='isl_local_space_take_space'/>
