<use f='llvm/polly/lib/External/isl/isl_list_templ.c' l='45' u='w' c='isl_pw_multi_aff_list_alloc'/>
<use f='llvm/polly/lib/External/isl/isl_list_templ.c' l='56' u='w' c='isl_pw_multi_aff_list_copy'/>
<use f='llvm/polly/lib/External/isl/isl_list_templ.c' l='81' u='r' c='isl_pw_multi_aff_list_cow'/>
<use f='llvm/polly/lib/External/isl/isl_list_templ.c' l='83' u='w' c='isl_pw_multi_aff_list_cow'/>
<use f='llvm/polly/lib/External/isl/isl_list_templ.c' l='101' u='r' c='isl_pw_multi_aff_list_grow'/>
<use f='llvm/polly/lib/External/isl/isl_list_templ.c' l='106' u='r' c='isl_pw_multi_aff_list_grow'/>
<use f='llvm/polly/lib/External/isl/isl_list_templ.c' l='211' u='r' c='isl_pw_multi_aff_list_insert'/>
<use f='llvm/polly/lib/External/isl/isl_list_templ.c' l='241' u='w' c='isl_pw_multi_aff_list_free'/>
<use f='llvm/polly/lib/External/isl/isl_list_templ.c' l='332' u='r' c='isl_pw_multi_aff_list_take_pw_multi_aff'/>
<use f='llvm/polly/lib/External/isl/isl_list_templ.c' l='639' u='r' c='isl_pw_multi_aff_list_concat'/>
