<dec f='llvm/polly/lib/External/isl/isl_vertices_private.h' l='35' type='int'/>
<offset>0</offset>
<use f='llvm/polly/lib/External/isl/isl_vertices.c' l='34' u='w' c='isl_vertices_copy'/>
<use f='llvm/polly/lib/External/isl/isl_vertices.c' l='45' u='w' c='isl_vertices_free'/>
<use f='llvm/polly/lib/External/isl/isl_vertices.c' l='95' u='w' c='vertices_from_list'/>
<use f='llvm/polly/lib/External/isl/isl_vertices.c' l='180' u='w' c='vertices_empty'/>
<use f='llvm/polly/lib/External/isl/isl_vertices.c' l='204' u='w' c='vertices_0D'/>
<use f='llvm/polly/lib/External/isl/isl_vertices.c' l='1352' u='r' c='isl_morph_vertices'/>
