<dec f='llvm/lldb/include/lldb/Interpreter/OptionGroupVariable.h' l='40' type='lldb_private::OptionValueString'/>
<use f='llvm/lldb/source/Commands/CommandObjectFrame.cpp' l='501' u='m' c='_ZN26CommandObjectFrameVariable9DoExecuteERN12lldb_private4ArgsERNS0_19CommandReturnObjectE'/>
<use f='llvm/lldb/source/Commands/CommandObjectFrame.cpp' l='503' u='m' c='_ZN26CommandObjectFrameVariable9DoExecuteERN12lldb_private4ArgsERNS0_19CommandReturnObjectE'/>
<offset>128</offset>
<doc f='llvm/lldb/include/lldb/Interpreter/OptionGroupVariable.h' l='40'>// the name of a named summary</doc>
<use f='llvm/lldb/source/Interpreter/OptionGroupVariable.cpp' l='71' u='w' c='_ZN12lldb_private19OptionGroupVariableC1Eb'/>
<use f='llvm/lldb/source/Interpreter/OptionGroupVariable.cpp' l='106' u='m' c='_ZN12lldb_private19OptionGroupVariable14SetOptionValueEjN4llvm9StringRefEPNS_16ExecutionContextE'/>
<use f='llvm/lldb/source/Interpreter/OptionGroupVariable.cpp' l='127' u='m' c='_ZN12lldb_private19OptionGroupVariable21OptionParsingStartingEPNS_16ExecutionContextE'/>
