<dec f='llvm/llvm/include/llvm/ADT/IntervalMap.h' l='1299' type='IntervalMap&lt;KeyT, ValT, N, Traits&gt; *'/>
<use f='llvm/llvm/include/llvm/ADT/IntervalMap.h' l='1306' u='w' c='_ZN4llvm11IntervalMap14const_iteratorC1ERKNS_11IntervalMapIT_T0_XT1_ET2_EE'/>
<use f='llvm/llvm/include/llvm/ADT/IntervalMap.h' l='1310' u='c' c='_ZNK4llvm11IntervalMap14const_iterator8branchedEv'/>
<use f='llvm/llvm/include/llvm/ADT/IntervalMap.h' l='1315' u='c' c='_ZN4llvm11IntervalMap14const_iterator7setRootEj'/>
<use f='llvm/llvm/include/llvm/ADT/IntervalMap.h' l='1315' u='r' c='_ZN4llvm11IntervalMap14const_iterator7setRootEj'/>
<use f='llvm/llvm/include/llvm/ADT/IntervalMap.h' l='1317' u='c' c='_ZN4llvm11IntervalMap14const_iterator7setRootEj'/>
<use f='llvm/llvm/include/llvm/ADT/IntervalMap.h' l='1317' u='r' c='_ZN4llvm11IntervalMap14const_iterator7setRootEj'/>
<use f='llvm/llvm/include/llvm/ADT/IntervalMap.h' l='1351' u='w' c='_ZN4llvm11IntervalMap14const_iterator6setMapERKNS_11IntervalMapIT_T0_XT1_ET2_EE'/>
<use f='llvm/llvm/include/llvm/ADT/IntervalMap.h' l='1387' u='r' c='_ZN4llvm11IntervalMap14const_iterator9goToBeginEv'/>
<use f='llvm/llvm/include/llvm/ADT/IntervalMap.h' l='1392' u='r' c='_ZN4llvm11IntervalMap14const_iterator7goToEndEv'/>
<use f='llvm/llvm/include/llvm/ADT/IntervalMap.h' l='1399' u='r' c='_ZN4llvm11IntervalMap14const_iteratorppEv'/>
<use f='llvm/llvm/include/llvm/ADT/IntervalMap.h' l='1415' u='r' c='_ZN4llvm11IntervalMap14const_iteratormmEv'/>
<use f='llvm/llvm/include/llvm/ADT/IntervalMap.h' l='1432' u='c' c='_ZN4llvm11IntervalMap14const_iterator4findET_'/>
<use f='llvm/llvm/include/llvm/ADT/IntervalMap.h' l='1432' c='_ZN4llvm11IntervalMap14const_iterator4findET_'/>
<use f='llvm/llvm/include/llvm/ADT/IntervalMap.h' l='1445' u='c' c='_ZN4llvm11IntervalMap14const_iterator9advanceToET_'/>
<use f='llvm/llvm/include/llvm/ADT/IntervalMap.h' l='1445' c='_ZN4llvm11IntervalMap14const_iterator9advanceToET_'/>
<use f='llvm/llvm/include/llvm/ADT/IntervalMap.h' l='1455' c='_ZN4llvm11IntervalMap14const_iterator12pathFillFindET_'/>
<use f='llvm/llvm/include/llvm/ADT/IntervalMap.h' l='1468' u='c' c='_ZN4llvm11IntervalMap14const_iterator8treeFindET_'/>
<use f='llvm/llvm/include/llvm/ADT/IntervalMap.h' l='1468' c='_ZN4llvm11IntervalMap14const_iterator8treeFindET_'/>
<use f='llvm/llvm/include/llvm/ADT/IntervalMap.h' l='1499' u='c' c='_ZN4llvm11IntervalMap14const_iterator13treeAdvanceToET_'/>
<use f='llvm/llvm/include/llvm/ADT/IntervalMap.h' l='1506' u='c' c='_ZN4llvm11IntervalMap14const_iterator13treeAdvanceToET_'/>
<use f='llvm/llvm/include/llvm/ADT/IntervalMap.h' l='1506' c='_ZN4llvm11IntervalMap14const_iterator13treeAdvanceToET_'/>
<doc f='llvm/llvm/include/llvm/ADT/IntervalMap.h' l='1298'>// The map referred to.</doc>
