<dec f='llvm/llvm/include/llvm/CodeGen/LiveRangeCalc.h' l='97' type='llvm::LiveRangeCalc::LiveOutMap'/>
<use f='llvm/llvm/include/llvm/CodeGen/LiveRangeCalc.h' l='232' u='m' c='_ZN4llvm13LiveRangeCalc15setLiveOutValueEPNS_17MachineBasicBlockEPNS_6VNInfoE'/>
<offset>704</offset>
<doc f='llvm/llvm/include/llvm/CodeGen/LiveRangeCalc.h' l='80'>/// Map each basic block where a live range is live out to the live-out value
  /// and its defining block.
  ///
  /// For every basic block, MBB, one of these conditions shall be true:
  ///
  ///  1. !Seen.count(MBB-&gt;getNumber())
  ///     Blocks without a Seen bit are ignored.
  ///  2. LiveOut[MBB].second.getNode() == MBB
  ///     The live-out value is defined in MBB.
  ///  3. forall P in preds(MBB): LiveOut[P] == LiveOut[MBB]
  ///     The live-out value passses through MBB. All predecessors must carry
  ///     the same value.
  ///
  /// The domtree node may be null, it can be computed.
  ///
  /// The map can be shared by multiple live ranges as long as no two are
  /// live-out of the same block.</doc>
<use f='llvm/llvm/lib/CodeGen/LiveRangeCalc.cpp' l='48' u='m' c='_ZN4llvm13LiveRangeCalc15resetLiveOutMapEv'/>
<use f='llvm/llvm/lib/CodeGen/LiveRangeCalc.cpp' l='81' u='m' c='_ZN4llvm13LiveRangeCalc17updateFromLiveInsEv'/>
<use f='llvm/llvm/lib/CodeGen/LiveRangeCalc.cpp' l='151' u='m' c='_ZN4llvm13LiveRangeCalc12isDefOnEntryERNS_9LiveRangeENS_8ArrayRefINS_9SlotIndexEEERNS_17MachineBasicBlockERNS_9BitVectorES9_'/>
<use f='llvm/llvm/lib/CodeGen/LiveRangeCalc.cpp' l='237' u='m' c='_ZN4llvm13LiveRangeCalc16findReachingDefsERNS_9LiveRangeERNS_17MachineBasicBlockENS_9SlotIndexEjNS_8ArrayRefIS5_EE'/>
<use f='llvm/llvm/lib/CodeGen/LiveRangeCalc.cpp' l='292' u='m' c='_ZN4llvm13LiveRangeCalc16findReachingDefsERNS_9LiveRangeERNS_17MachineBasicBlockENS_9SlotIndexEjNS_8ArrayRefIS5_EE'/>
<use f='llvm/llvm/lib/CodeGen/LiveRangeCalc.cpp' l='357' u='m' c='_ZN4llvm13LiveRangeCalc9updateSSAEv'/>
<use f='llvm/llvm/lib/CodeGen/LiveRangeCalc.cpp' l='362' u='m' c='_ZN4llvm13LiveRangeCalc9updateSSAEv'/>
<use f='llvm/llvm/lib/CodeGen/LiveRangeCalc.cpp' l='367' u='m' c='_ZN4llvm13LiveRangeCalc9updateSSAEv'/>
<use f='llvm/llvm/lib/CodeGen/LiveRangeCalc.cpp' l='393' u='m' c='_ZN4llvm13LiveRangeCalc9updateSSAEv'/>
