<dec f='llvm/llvm/include/llvm/Demangle/ItaniumDemangle.h' l='1234' type='llvm::itanium_demangle::Node *'/>
<use f='llvm/llvm/include/llvm/Demangle/ItaniumDemangle.h' l='1256' u='r' c='_ZNK4llvm16itanium_demangle24ForwardTemplateReference19hasRHSComponentSlowERNS0_12OutputStreamE'/>
<use f='llvm/llvm/include/llvm/Demangle/ItaniumDemangle.h' l='1262' u='r' c='_ZNK4llvm16itanium_demangle24ForwardTemplateReference12hasArraySlowERNS0_12OutputStreamE'/>
<use f='llvm/llvm/include/llvm/Demangle/ItaniumDemangle.h' l='1268' u='r' c='_ZNK4llvm16itanium_demangle24ForwardTemplateReference15hasFunctionSlowERNS0_12OutputStreamE'/>
<use f='llvm/llvm/include/llvm/Demangle/ItaniumDemangle.h' l='1274' u='r' c='_ZNK4llvm16itanium_demangle24ForwardTemplateReference13getSyntaxNodeERNS0_12OutputStreamE'/>
<use f='llvm/llvm/include/llvm/Demangle/ItaniumDemangle.h' l='1281' u='r' c='_ZNK4llvm16itanium_demangle24ForwardTemplateReference9printLeftERNS0_12OutputStreamE'/>
<use f='llvm/llvm/include/llvm/Demangle/ItaniumDemangle.h' l='1287' u='r' c='_ZNK4llvm16itanium_demangle24ForwardTemplateReference10printRightERNS0_12OutputStreamE'/>
<use f='llvm/llvm/include/llvm/Demangle/ItaniumDemangle.h' l='2520' u='w' c='_ZN4llvm16itanium_demangle22AbstractManglingParser26resolveForwardTemplateRefsERNS1_9NameStateE'/>
<offset>192</offset>
