<dec f='llvm/llvm/lib/IR/ConstantsContext.h' l='702' type='llvm::ConstantUniqueMap::MapTy'/>
<use f='llvm/llvm/lib/IR/ConstantsContext.h' l='705' u='c' c='_ZN4llvm17ConstantUniqueMap5beginEv'/>
<use f='llvm/llvm/lib/IR/ConstantsContext.h' l='706' u='c' c='_ZN4llvm17ConstantUniqueMap3endEv'/>
<use f='llvm/llvm/lib/IR/ConstantsContext.h' l='709' c='_ZN4llvm17ConstantUniqueMap13freeConstantsEv'/>
<use f='llvm/llvm/lib/IR/ConstantsContext.h' l='718' u='c' c='_ZN4llvm17ConstantUniqueMap6createEPNS_12ConstantInfoIT_E9TypeClassENS3_7ValTypeERSt4pairIjS7_IS5_S6_EE'/>
<use f='llvm/llvm/lib/IR/ConstantsContext.h' l='732' u='c' c='_ZN4llvm17ConstantUniqueMap11getOrCreateEPNS_12ConstantInfoIT_E9TypeClassENS3_7ValTypeE'/>
<use f='llvm/llvm/lib/IR/ConstantsContext.h' l='733' u='c' c='_ZN4llvm17ConstantUniqueMap11getOrCreateEPNS_12ConstantInfoIT_E9TypeClassENS3_7ValTypeE'/>
<use f='llvm/llvm/lib/IR/ConstantsContext.h' l='744' u='c' c='_ZN4llvm17ConstantUniqueMap6removeEPT_'/>
<use f='llvm/llvm/lib/IR/ConstantsContext.h' l='747' u='c' c='_ZN4llvm17ConstantUniqueMap6removeEPT_'/>
<use f='llvm/llvm/lib/IR/ConstantsContext.h' l='758' u='c' c='_ZN4llvm17ConstantUniqueMap22replaceOperandsInPlaceENS_8ArrayRefIPNS_8ConstantEEEPT_PNS_5ValueES3_jj'/>
<use f='llvm/llvm/lib/IR/ConstantsContext.h' l='759' u='c' c='_ZN4llvm17ConstantUniqueMap22replaceOperandsInPlaceENS_8ArrayRefIPNS_8ConstantEEEPT_PNS_5ValueES3_jj'/>
<use f='llvm/llvm/lib/IR/ConstantsContext.h' l='774' u='c' c='_ZN4llvm17ConstantUniqueMap22replaceOperandsInPlaceENS_8ArrayRefIPNS_8ConstantEEEPT_PNS_5ValueES3_jj'/>
<use f='llvm/llvm/lib/IR/ConstantsContext.h' l='784' c='_ZN4llvm17ConstantUniqueMap13freeConstantsEv'/>
