<def f='llvm/llvm/include/llvm/Support/Endian.h' l='251' ll='264'/>
<fun r='_ZN4llvm7support6detail31packed_endian_specific_integral3refC1EPv'/>
<fun r='_ZNK4llvm7support6detail31packed_endian_specific_integral3refcvT_Ev'/>
<fun r='_ZN4llvm7support6detail31packed_endian_specific_integral3refaSET_'/>
<mbr r='llvm::support::detail::packed_endian_specific_integral::ref::Ptr' t='void *'/>
<use f='llvm/llvm/lib/ExecutionEngine/RuntimeDyld/RuntimeDyldELF.cpp' l='270' c='_ZN4llvm14RuntimeDyldELF23resolveX86_64RelocationERKNS_12SectionEntryEmmjlm'/>
<use f='llvm/llvm/lib/ExecutionEngine/RuntimeDyld/RuntimeDyldELF.cpp' l='283' c='_ZN4llvm14RuntimeDyldELF23resolveX86_64RelocationERKNS_12SectionEntryEmmjlm'/>
<use f='llvm/llvm/lib/ExecutionEngine/RuntimeDyld/RuntimeDyldELF.cpp' l='302' c='_ZN4llvm14RuntimeDyldELF23resolveX86_64RelocationERKNS_12SectionEntryEmmjlm'/>
<use f='llvm/llvm/lib/ExecutionEngine/RuntimeDyld/RuntimeDyldELF.cpp' l='309' c='_ZN4llvm14RuntimeDyldELF23resolveX86_64RelocationERKNS_12SectionEntryEmmjlm'/>
<use f='llvm/llvm/lib/ExecutionEngine/RuntimeDyld/RuntimeDyldELF.cpp' l='326' c='_ZN4llvm14RuntimeDyldELF23resolveX86_64RelocationERKNS_12SectionEntryEmmjlm'/>
<use f='llvm/llvm/lib/ExecutionEngine/RuntimeDyld/RuntimeDyldELF.cpp' l='337' c='_ZN4llvm14RuntimeDyldELF20resolveX86RelocationERKNS_12SectionEntryEmjji'/>
<use f='llvm/llvm/lib/ExecutionEngine/RuntimeDyld/RuntimeDyldELF.cpp' l='348' c='_ZN4llvm14RuntimeDyldELF20resolveX86RelocationERKNS_12SectionEntryEmjji'/>
<use f='llvm/llvm/lib/ExecutionEngine/RuntimeDyld/RuntimeDyldELF.cpp' l='511' c='_ZN4llvm14RuntimeDyldELF20resolveARMRelocationERKNS_12SectionEntryEmjji'/>
<use f='llvm/llvm/lib/ExecutionEngine/RuntimeDyld/RuntimeDyldELF.cpp' l='512' c='_ZN4llvm14RuntimeDyldELF20resolveARMRelocationERKNS_12SectionEntryEmjji'/>
<use f='llvm/llvm/lib/ExecutionEngine/RuntimeDyld/RuntimeDyldELF.cpp' l='517' c='_ZN4llvm14RuntimeDyldELF20resolveARMRelocationERKNS_12SectionEntryEmjji'/>
<use f='llvm/llvm/lib/ExecutionEngine/RuntimeDyld/RuntimeDyldELF.cpp' l='527' c='_ZN4llvm14RuntimeDyldELF20resolveARMRelocationERKNS_12SectionEntryEmjji'/>
<use f='llvm/llvm/lib/ExecutionEngine/RuntimeDyld/RuntimeDyldELF.cpp' l='528' c='_ZN4llvm14RuntimeDyldELF20resolveARMRelocationERKNS_12SectionEntryEmjji'/>
<use f='llvm/llvm/lib/ExecutionEngine/RuntimeDyld/RuntimeDyldELF.cpp' l='538' c='_ZN4llvm14RuntimeDyldELF20resolveARMRelocationERKNS_12SectionEntryEmjji'/>
<use f='llvm/llvm/lib/ExecutionEngine/RuntimeDyld/RuntimeDyldELF.cpp' l='539' c='_ZN4llvm14RuntimeDyldELF20resolveARMRelocationERKNS_12SectionEntryEmjji'/>
<use f='llvm/llvm/lib/ExecutionEngine/RuntimeDyld/RuntimeDyldELF.cpp' l='1757' c='_ZN4llvm14RuntimeDyldELF20processRelocationRefEjNS_6object16content_iteratorINS1_13RelocationRefEEERKNS1_10ObjectFileERSt3mapINS1_10SectionRefEjSt4les13859204'/>
<use f='llvm/llvm/lib/ExecutionEngine/RuntimeDyld/RuntimeDyldELF.cpp' l='1760' c='_ZN4llvm14RuntimeDyldELF20processRelocationRefEjNS_6object16content_iteratorINS1_13RelocationRefEEERKNS1_10ObjectFileERSt3mapINS1_10SectionRefEjSt4les13859204'/>
<use f='llvm/llvm/lib/ExecutionEngine/RuntimeDyld/RuntimeDyldELF.cpp' l='1767' c='_ZN4llvm14RuntimeDyldELF20processRelocationRefEjNS_6object16content_iteratorINS1_13RelocationRefEEERKNS1_10ObjectFileERSt3mapINS1_10SectionRefEjSt4les13859204'/>
<size>8</size>
