<dec f='llvm/llvm/include/llvm/Analysis/ProfileSummaryInfo.h' l='42' type='std::unique_ptr&lt;ProfileSummary&gt;'/>
<use f='llvm/llvm/include/llvm/Analysis/ProfileSummaryInfo.h' l='69' u='r' c='_ZNK4llvm18ProfileSummaryInfo17hasProfileSummaryEv'/>
<use f='llvm/llvm/include/llvm/Analysis/ProfileSummaryInfo.h' l='74' u='m' c='_ZNK4llvm18ProfileSummaryInfo16hasSampleProfileEv'/>
<use f='llvm/llvm/include/llvm/Analysis/ProfileSummaryInfo.h' l='80' u='m' c='_ZNK4llvm18ProfileSummaryInfo25hasInstrumentationProfileEv'/>
<use f='llvm/llvm/include/llvm/Analysis/ProfileSummaryInfo.h' l='86' u='m' c='_ZNK4llvm18ProfileSummaryInfo27hasCSInstrumentationProfileEv'/>
<offset>64</offset>
<use f='llvm/llvm/lib/Analysis/ProfileSummaryInfo.cpp' l='100' u='m' c='_ZN4llvm18ProfileSummaryInfo7refreshEv'/>
<use f='llvm/llvm/lib/Analysis/ProfileSummaryInfo.cpp' l='106' u='m' c='_ZN4llvm18ProfileSummaryInfo7refreshEv'/>
<use f='llvm/llvm/lib/Analysis/ProfileSummaryInfo.cpp' l='274' u='m' c='_ZN4llvm18ProfileSummaryInfo17computeThresholdsEv'/>
<use f='llvm/llvm/lib/Analysis/ProfileSummaryInfo.cpp' l='295' u='m' c='_ZN4llvm18ProfileSummaryInfo17computeThresholdsEv'/>
<use f='llvm/llvm/lib/Analysis/ProfileSummaryInfo.cpp' l='314' u='m' c='_ZNK4llvm18ProfileSummaryInfo16computeThresholdEi'/>
<use f='llvm/llvm/lib/Analysis/ProfileSummaryInfo.cpp' l='417' u='m' c='_ZNK4llvm18ProfileSummaryInfo23hasPartialSampleProfileEv'/>
<use f='llvm/llvm/lib/Analysis/ProfileSummaryInfo.cpp' l='418' u='m' c='_ZNK4llvm18ProfileSummaryInfo23hasPartialSampleProfileEv'/>
