<def f='llvm/build/include/c++/v1/map' l='900' ll='1474'/>
<use f='llvm/build/include/c++/v1/map' l='1342' c='_ZNSt3__13map5mergeERNS_3mapIT_T0_TL0__NS_10__identityIT2_E4typeEEE'/>
<use f='llvm/build/include/c++/v1/map' l='1350' c='_ZNSt3__13map5mergeEONS_3mapIT_T0_TL0__NS_10__identityIT2_E4typeEEE'/>
<use f='llvm/build/include/c++/v1/map' l='1482' c='std::__1::{deductionguideformap}'/>
<use f='llvm/build/include/c++/v1/map' l='1489' c='std::__1::{deductionguideformap}'/>
<use f='llvm/build/include/c++/v1/map' l='1494' c='std::__1::{deductionguideformap}'/>
<use f='llvm/build/include/c++/v1/map' l='1500' c='std::__1::{deductionguideformap}'/>
<use f='llvm/build/include/c++/v1/map' l='1505' c='_ZNSt3__13mapC1EONS_3mapIT_T0_T1_T2_EERKNS_10__identityIS5_E4typeE'/>
<use f='llvm/build/include/c++/v1/map' l='1519' c='_ZNSt3__13mapixERKT_'/>
<use f='llvm/build/include/c++/v1/map' l='1529' c='_ZNSt3__13mapixEOT_'/>
<use f='llvm/build/include/c++/v1/map' l='1572' c='_ZNSt3__13map2atERKT_'/>
<use f='llvm/build/include/c++/v1/map' l='1583' c='_ZNKSt3__13map2atERKT_'/>
<use f='llvm/build/include/c++/v1/map' l='1596' c='_ZNSt3__1eqERKNS_3mapIT_T0_T1_T2_EES7_'/>
<use f='llvm/build/include/c++/v1/map' l='1597' c='_ZNSt3__1eqERKNS_3mapIT_T0_T1_T2_EES7_'/>
<use f='llvm/build/include/c++/v1/map' l='1605' c='_ZNSt3__1ltERKNS_3mapIT_T0_T1_T2_EES7_'/>
<use f='llvm/build/include/c++/v1/map' l='1606' c='_ZNSt3__1ltERKNS_3mapIT_T0_T1_T2_EES7_'/>
<use f='llvm/build/include/c++/v1/map' l='1614' c='_ZNSt3__1neERKNS_3mapIT_T0_T1_T2_EES7_'/>
<use f='llvm/build/include/c++/v1/map' l='1615' c='_ZNSt3__1neERKNS_3mapIT_T0_T1_T2_EES7_'/>
<use f='llvm/build/include/c++/v1/map' l='1623' c='_ZNSt3__1gtERKNS_3mapIT_T0_T1_T2_EES7_'/>
<use f='llvm/build/include/c++/v1/map' l='1624' c='_ZNSt3__1gtERKNS_3mapIT_T0_T1_T2_EES7_'/>
<use f='llvm/build/include/c++/v1/map' l='1632' c='_ZNSt3__1geERKNS_3mapIT_T0_T1_T2_EES7_'/>
<use f='llvm/build/include/c++/v1/map' l='1633' c='_ZNSt3__1geERKNS_3mapIT_T0_T1_T2_EES7_'/>
<use f='llvm/build/include/c++/v1/map' l='1641' c='_ZNSt3__1leERKNS_3mapIT_T0_T1_T2_EES7_'/>
<use f='llvm/build/include/c++/v1/map' l='1642' c='_ZNSt3__1leERKNS_3mapIT_T0_T1_T2_EES7_'/>
<use f='llvm/build/include/c++/v1/map' l='1650' c='_ZNSt3__14swapERNS_3mapIT_T0_T1_T2_EES6_'/>
<use f='llvm/build/include/c++/v1/map' l='1651' c='_ZNSt3__14swapERNS_3mapIT_T0_T1_T2_EES6_'/>
<use f='llvm/build/include/c++/v1/map' l='2021' c='_ZNSt3__18multimap5mergeERNS_3mapIT_T0_TL0__NS_10__identityIT2_E4typeEEE'/>
<use f='llvm/build/include/c++/v1/map' l='2029' c='_ZNSt3__18multimap5mergeEONS_3mapIT_T0_TL0__NS_10__identityIT2_E4typeEEE'/>
<mbr r='std::__1::map::__tree_' t='std::__1::map::__base'/>
<fun r='_ZNSt3__13mapC1Ev'/>
<fun r='_ZNSt3__13mapC1ERKNS_10__identityIT1_E4typeE'/>
<fun r='_ZNSt3__13mapC1ERKNS_10__identityIT1_E4typeERKNS1_IT2_E4typeE'/>
<fun r='_ZNSt3__13mapC1ETL0__S1_RKNS_10__identityIT1_E4typeE'/>
<fun r='_ZNSt3__13mapC1ETL0__S1_RKNS_10__identityIT1_E4typeERKNS2_IT2_E4typeE'/>
<fun r='_ZNSt3__13mapC1ETL0__S1_RKNS_10__identityIT2_E4typeE'/>
<fun r='_ZNSt3__13mapC1ERKNS_3mapIT_T0_T1_T2_EE'/>
<fun r='_ZNSt3__13mapaSERKNS_3mapIT_T0_T1_T2_EE'/>
<fun r='_ZNSt3__13mapC1EONS_3mapIT_T0_T1_T2_EE'/>
<fun r='_ZNSt3__13mapC1EONS_3mapIT_T0_T1_T2_EERKNS_10__identityIS5_E4typeE'/>
<fun r='_ZNSt3__13mapaSEONS_3mapIT_T0_T1_T2_EE'/>
<fun r='_ZNSt3__13mapC1ESt16initializer_listINS_4pairIKT_T0_EEERKNS_10__identityIT1_E4typeE'/>
<fun r='_ZNSt3__13mapC1ESt16initializer_listINS_4pairIKT_T0_EEERKNS_10__identityIT1_E4typeERKNS8_IT2_E4typeE'/>
<fun r='_ZNSt3__13mapC1ESt16initializer_listINS_4pairIKT_T0_EEERKNS_10__identityIT2_E4typeE'/>
<fun r='_ZNSt3__13mapaSESt16initializer_listINS_4pairIKT_T0_EEE'/>
<fun r='_ZNSt3__13mapC1ERKNS_10__identityIT2_E4typeE'/>
<fun r='_ZNSt3__13mapC1ERKNS_3mapIT_T0_T1_T2_EERKNS_10__identityIS5_E4typeE'/>
<fun r='_ZNSt3__13mapD1Ev'/>
<fun r='_ZNSt3__13map5beginEv'/>
<fun r='_ZNKSt3__13map5beginEv'/>
<fun r='_ZNSt3__13map3endEv'/>
<fun r='_ZNKSt3__13map3endEv'/>
<fun r='_ZNSt3__13map6rbeginEv'/>
<fun r='_ZNKSt3__13map6rbeginEv'/>
<fun r='_ZNSt3__13map4rendEv'/>
<fun r='_ZNKSt3__13map4rendEv'/>
<fun r='_ZNKSt3__13map6cbeginEv'/>
<fun r='_ZNKSt3__13map4cendEv'/>
<fun r='_ZNKSt3__13map7crbeginEv'/>
<fun r='_ZNKSt3__13map5crendEv'/>
<fun r='_ZNKSt3__13map5emptyEv'/>
<fun r='_ZNKSt3__13map4sizeEv'/>
<fun r='_ZNKSt3__13map8max_sizeEv'/>
<fun r='_ZNSt3__13mapixERKT_'/>
<fun r='_ZNSt3__13mapixEOT_'/>
<fun r='_ZNSt3__13map2atERKT_'/>
<fun r='_ZNKSt3__13map2atERKT_'/>
<fun r='_ZNKSt3__13map13get_allocatorEv'/>
<fun r='_ZNKSt3__13map8key_compEv'/>
<fun r='_ZNKSt3__13map10value_compEv'/>
<fun r='_ZNSt3__13map7emplaceEDpOTL0__'/>
<fun r='_ZNSt3__13map12emplace_hintENS_20__map_const_iteratorINS_6__treeINS_12__value_typeIT_T0_EENS_19__map_value_compareIS4_S6_NS_10__identityIT1_E4typeEXaa4668340'/>
<fun r='_ZNSt3__13map6insertEOTL0__'/>
<fun r='_ZNSt3__13map6insertENS_20__map_const_iteratorINS_6__treeINS_12__value_typeIT_T0_EENS_19__map_value_compareIS4_S6_NS_10__identityIT1_E4typeEXaasr8is_e14099553'/>
<fun r='_ZNSt3__13map6insertERKNS_4pairIKT_T0_EE'/>
<fun r='_ZNSt3__13map6insertENS_20__map_const_iteratorINS_6__treeINS_12__value_typeIT_T0_EENS_19__map_value_compareIS4_S6_NS_10__identityIT1_E4typeEXaasr8is_e7433367'/>
<fun r='_ZNSt3__13map6insertEONS_4pairIKT_T0_EE'/>
<fun r='_ZNSt3__13map6insertENS_20__map_const_iteratorINS_6__treeINS_12__value_typeIT_T0_EENS_19__map_value_compareIS4_S6_NS_10__identityIT1_E4typeEXaasr8is_e4246143'/>
<fun r='_ZNSt3__13map6insertESt16initializer_listINS_4pairIKT_T0_EEE'/>
<fun r='_ZNSt3__13map6insertETL0__S1_'/>
<fun r='_ZNSt3__13map11try_emplaceERKT_DpOTL0__'/>
<fun r='_ZNSt3__13map11try_emplaceEOT_DpOTL0__'/>
<fun r='_ZNSt3__13map11try_emplaceENS_20__map_const_iteratorINS_6__treeINS_12__value_typeIT_T0_EENS_19__map_value_compareIS4_S6_NS_10__identityIT1_E4typeEXaas1342007'/>
<fun r='_ZNSt3__13map11try_emplaceENS_20__map_const_iteratorINS_6__treeINS_12__value_typeIT_T0_EENS_19__map_value_compareIS4_S6_NS_10__identityIT1_E4typeEXaas16139485'/>
<fun r='_ZNSt3__13map16insert_or_assignERKT_OTL0__'/>
<fun r='_ZNSt3__13map16insert_or_assignEOT_OTL0__'/>
<fun r='_ZNSt3__13map16insert_or_assignENS_20__map_const_iteratorINS_6__treeINS_12__value_typeIT_T0_EENS_19__map_value_compareIS4_S6_NS_10__identityIT1_E4type5867391'/>
<fun r='_ZNSt3__13map16insert_or_assignENS_20__map_const_iteratorINS_6__treeINS_12__value_typeIT_T0_EENS_19__map_value_compareIS4_S6_NS_10__identityIT1_E4type5239607'/>
<fun r='_ZNSt3__13map5eraseENS_20__map_const_iteratorINS_6__treeINS_12__value_typeIT_T0_EENS_19__map_value_compareIS4_S6_NS_10__identityIT1_E4typeEXaasr8is_em4750342'/>
<fun r='_ZNSt3__13map5eraseENS_14__map_iteratorINS_6__treeINS_12__value_typeIT_T0_EENS_19__map_value_compareIS4_S6_NS_10__identityIT1_E4typeEXaasr8is_emptyISB12144795'/>
<fun r='_ZNSt3__13map5eraseERKT_'/>
<fun r='_ZNSt3__13map5eraseENS_20__map_const_iteratorINS_6__treeINS_12__value_typeIT_T0_EENS_19__map_value_compareIS4_S6_NS_10__identityIT1_E4typeEXaasr8is_em4109977'/>
<fun r='_ZNSt3__13map5clearEv'/>
<fun r='_ZNSt3__13map6insertEONS_19__basic_node_handleINS_6__treeINS_12__value_typeIT_T0_EENS_19__map_value_compareIS4_S6_NS_10__identityIT1_E4typeEXaasr8is_e198739'/>
<fun r='_ZNSt3__13map6insertENS_20__map_const_iteratorINS_6__treeINS_12__value_typeIT_T0_EENS_19__map_value_compareIS4_S6_NS_10__identityIT1_E4typeEXaasr8is_e6040866'/>
<fun r='_ZNSt3__13map7extractERKT_'/>
<fun r='_ZNSt3__13map7extractENS_20__map_const_iteratorINS_6__treeINS_12__value_typeIT_T0_EENS_19__map_value_compareIS4_S6_NS_10__identityIT1_E4typeEXaasr8is_3403877'/>
<fun r='_ZNSt3__13map5mergeERNS_3mapIT_T0_TL0__NS_10__identityIT2_E4typeEEE'/>
<fun r='_ZNSt3__13map5mergeEONS_3mapIT_T0_TL0__NS_10__identityIT2_E4typeEEE'/>
<fun r='_ZNSt3__13map5mergeERNS_8multimapIT_T0_TL0__NS_10__identityIT2_E4typeEEE'/>
<fun r='_ZNSt3__13map5mergeEONS_8multimapIT_T0_TL0__NS_10__identityIT2_E4typeEEE'/>
<fun r='_ZNSt3__13map4swapERNS_3mapIT_T0_T1_T2_EE'/>
<fun r='_ZNSt3__13map4findERKT_'/>
<fun r='_ZNKSt3__13map4findERKT_'/>
<fun r='_ZNSt3__13map4findERKTL0__'/>
<fun r='_ZNKSt3__13map4findERKTL0__'/>
<fun r='_ZNKSt3__13map5countERKT_'/>
<fun r='_ZNKSt3__13map5countERKTL0__'/>
<fun r='_ZNSt3__13map11lower_boundERKT_'/>
<fun r='_ZNKSt3__13map11lower_boundERKT_'/>
<fun r='_ZNSt3__13map11lower_boundERKTL0__'/>
<fun r='_ZNKSt3__13map11lower_boundERKTL0__'/>
<fun r='_ZNSt3__13map11upper_boundERKT_'/>
<fun r='_ZNKSt3__13map11upper_boundERKT_'/>
<fun r='_ZNSt3__13map11upper_boundERKTL0__'/>
<fun r='_ZNKSt3__13map11upper_boundERKTL0__'/>
<fun r='_ZNSt3__13map11equal_rangeERKT_'/>
<fun r='_ZNKSt3__13map11equal_rangeERKT_'/>
<fun r='_ZNSt3__13map11equal_rangeERKTL0__'/>
<fun r='_ZNKSt3__13map11equal_rangeERKTL0__'/>
<fun r='_ZNSt3__13mapC1EONS_3mapIT_T0_T1_T2_EERKNS_10__identityIS5_E4typeE'/>
<fun r='_ZNSt3__13mapixERKT_'/>
<fun r='_ZNSt3__13mapixEOT_'/>
<fun r='_ZNSt3__13map2atERKT_'/>
<fun r='_ZNKSt3__13map2atERKT_'/>
