<dec f='ffmpeg/libavcodec/cbs_av1.h' l='457' type='AV1ReferenceFrameState [8]'/>
<offset>960</offset>
<use f='ffmpeg/libavcodec/cbs_av1_syntax_template.c' l='375' u='m' c='cbs_av1_read_set_frame_refs'/>
<use f='ffmpeg/libavcodec/cbs_av1_syntax_template.c' l='540' u='a' c='cbs_av1_read_frame_size_with_refs'/>
<use f='ffmpeg/libavcodec/cbs_av1_syntax_template.c' l='778' u='m' c='cbs_av1_read_segmentation_params'/>
<use f='ffmpeg/libavcodec/cbs_av1_syntax_template.c' l='780' u='m' c='cbs_av1_read_segmentation_params'/>
<use f='ffmpeg/libavcodec/cbs_av1_syntax_template.c' l='902' u='m' c='cbs_av1_read_loop_filter_params'/>
<use f='ffmpeg/libavcodec/cbs_av1_syntax_template.c' l='904' u='m' c='cbs_av1_read_loop_filter_params'/>
<use f='ffmpeg/libavcodec/cbs_av1_syntax_template.c' l='1062' u='m' c='cbs_av1_read_skip_mode_params'/>
<use f='ffmpeg/libavcodec/cbs_av1_syntax_template.c' l='1093' u='m' c='cbs_av1_read_skip_mode_params'/>
<use f='ffmpeg/libavcodec/cbs_av1_syntax_template.c' l='1336' u='a' c='cbs_av1_read_uncompressed_header'/>
<use f='ffmpeg/libavcodec/cbs_av1_syntax_template.c' l='1404' u='m' c='cbs_av1_read_uncompressed_header'/>
<use f='ffmpeg/libavcodec/cbs_av1_syntax_template.c' l='1405' u='m' c='cbs_av1_read_uncompressed_header'/>
<use f='ffmpeg/libavcodec/cbs_av1_syntax_template.c' l='1433' u='m' c='cbs_av1_read_uncompressed_header'/>
<use f='ffmpeg/libavcodec/cbs_av1_syntax_template.c' l='1434' u='m' c='cbs_av1_read_uncompressed_header'/>
<use f='ffmpeg/libavcodec/cbs_av1_syntax_template.c' l='1436' u='m' c='cbs_av1_read_uncompressed_header'/>
<use f='ffmpeg/libavcodec/cbs_av1_syntax_template.c' l='1438' u='m' c='cbs_av1_read_uncompressed_header'/>
<use f='ffmpeg/libavcodec/cbs_av1_syntax_template.c' l='1439' u='m' c='cbs_av1_read_uncompressed_header'/>
<use f='ffmpeg/libavcodec/cbs_av1_syntax_template.c' l='1442' u='m' c='cbs_av1_read_uncompressed_header'/>
<use f='ffmpeg/libavcodec/cbs_av1_syntax_template.c' l='1499' u='m' c='cbs_av1_read_uncompressed_header'/>
<use f='ffmpeg/libavcodec/cbs_av1_syntax_template.c' l='1500' u='m' c='cbs_av1_read_uncompressed_header'/>
<use f='ffmpeg/libavcodec/cbs_av1_syntax_template.c' l='1501' u='m' c='cbs_av1_read_uncompressed_header'/>
<use f='ffmpeg/libavcodec/cbs_av1_syntax_template.c' l='1653' u='w' c='cbs_av1_read_uncompressed_header'/>
<use f='ffmpeg/libavcodec/cbs_av1_syntax_template.c' l='1667' u='m' c='cbs_av1_read_uncompressed_header'/>
<use f='ffmpeg/libavcodec/cbs_av1_syntax_template.c' l='1669' u='m' c='cbs_av1_read_uncompressed_header'/>
<use f='ffmpeg/libavcodec/cbs_av1_syntax_template.c' l='1671' u='m' c='cbs_av1_read_uncompressed_header'/>
<use f='ffmpeg/libavcodec/cbs_av1_syntax_template.c' l='1673' u='m' c='cbs_av1_read_uncompressed_header'/>
<use f='ffmpeg/libavcodec/cbs_av1_syntax_template.c' l='375' u='m' c='cbs_av1_write_set_frame_refs'/>
<use f='ffmpeg/libavcodec/cbs_av1_syntax_template.c' l='540' u='a' c='cbs_av1_write_frame_size_with_refs'/>
<use f='ffmpeg/libavcodec/cbs_av1_syntax_template.c' l='778' u='m' c='cbs_av1_write_segmentation_params'/>
<use f='ffmpeg/libavcodec/cbs_av1_syntax_template.c' l='780' u='m' c='cbs_av1_write_segmentation_params'/>
<use f='ffmpeg/libavcodec/cbs_av1_syntax_template.c' l='902' u='m' c='cbs_av1_write_loop_filter_params'/>
<use f='ffmpeg/libavcodec/cbs_av1_syntax_template.c' l='904' u='m' c='cbs_av1_write_loop_filter_params'/>
<use f='ffmpeg/libavcodec/cbs_av1_syntax_template.c' l='1062' u='m' c='cbs_av1_write_skip_mode_params'/>
<use f='ffmpeg/libavcodec/cbs_av1_syntax_template.c' l='1093' u='m' c='cbs_av1_write_skip_mode_params'/>
<use f='ffmpeg/libavcodec/cbs_av1_syntax_template.c' l='1336' u='a' c='cbs_av1_write_uncompressed_header'/>
<use f='ffmpeg/libavcodec/cbs_av1_syntax_template.c' l='1404' u='m' c='cbs_av1_write_uncompressed_header'/>
<use f='ffmpeg/libavcodec/cbs_av1_syntax_template.c' l='1405' u='m' c='cbs_av1_write_uncompressed_header'/>
<use f='ffmpeg/libavcodec/cbs_av1_syntax_template.c' l='1433' u='m' c='cbs_av1_write_uncompressed_header'/>
<use f='ffmpeg/libavcodec/cbs_av1_syntax_template.c' l='1434' u='m' c='cbs_av1_write_uncompressed_header'/>
<use f='ffmpeg/libavcodec/cbs_av1_syntax_template.c' l='1436' u='m' c='cbs_av1_write_uncompressed_header'/>
<use f='ffmpeg/libavcodec/cbs_av1_syntax_template.c' l='1438' u='m' c='cbs_av1_write_uncompressed_header'/>
<use f='ffmpeg/libavcodec/cbs_av1_syntax_template.c' l='1439' u='m' c='cbs_av1_write_uncompressed_header'/>
<use f='ffmpeg/libavcodec/cbs_av1_syntax_template.c' l='1442' u='m' c='cbs_av1_write_uncompressed_header'/>
<use f='ffmpeg/libavcodec/cbs_av1_syntax_template.c' l='1499' u='m' c='cbs_av1_write_uncompressed_header'/>
<use f='ffmpeg/libavcodec/cbs_av1_syntax_template.c' l='1499' u='m' c='cbs_av1_write_uncompressed_header'/>
<use f='ffmpeg/libavcodec/cbs_av1_syntax_template.c' l='1500' u='m' c='cbs_av1_write_uncompressed_header'/>
<use f='ffmpeg/libavcodec/cbs_av1_syntax_template.c' l='1501' u='m' c='cbs_av1_write_uncompressed_header'/>
<use f='ffmpeg/libavcodec/cbs_av1_syntax_template.c' l='1653' u='w' c='cbs_av1_write_uncompressed_header'/>
<use f='ffmpeg/libavcodec/cbs_av1_syntax_template.c' l='1667' u='m' c='cbs_av1_write_uncompressed_header'/>
<use f='ffmpeg/libavcodec/cbs_av1_syntax_template.c' l='1669' u='m' c='cbs_av1_write_uncompressed_header'/>
<use f='ffmpeg/libavcodec/cbs_av1_syntax_template.c' l='1671' u='m' c='cbs_av1_write_uncompressed_header'/>
<use f='ffmpeg/libavcodec/cbs_av1_syntax_template.c' l='1673' u='m' c='cbs_av1_write_uncompressed_header'/>
<use f='ffmpeg/libavcodec/cbs_av1.c' l='1256' u='r' c='cbs_av1_flush'/>
<use f='ffmpeg/libavcodec/cbs_av1.c' l='1256' u='r' c='cbs_av1_flush'/>
