<dec f='ffmpeg/libavfilter/v360.h' l='176' type='unsigned int [4]'/>
<use f='ffmpeg/libavfilter/vf_v360.c' l='289' u='r' c='remap1_8bit_slice'/>
<use f='ffmpeg/libavfilter/vf_v360.c' l='289' u='r' c='remap2_8bit_slice'/>
<use f='ffmpeg/libavfilter/vf_v360.c' l='289' u='r' c='remap3_8bit_slice'/>
<use f='ffmpeg/libavfilter/vf_v360.c' l='289' u='r' c='remap4_8bit_slice'/>
<use f='ffmpeg/libavfilter/vf_v360.c' l='289' u='r' c='remap1_16bit_slice'/>
<use f='ffmpeg/libavfilter/vf_v360.c' l='289' u='r' c='remap2_16bit_slice'/>
<use f='ffmpeg/libavfilter/vf_v360.c' l='289' u='r' c='remap3_16bit_slice'/>
<use f='ffmpeg/libavfilter/vf_v360.c' l='289' u='r' c='remap4_16bit_slice'/>
<use f='ffmpeg/libavfilter/vf_v360.c' l='4654' u='w' c='config_output'/>
<use f='ffmpeg/libavfilter/vf_v360.c' l='4654' u='w' c='config_output'/>
<use f='ffmpeg/libavfilter/vf_v360.c' l='4654' u='w' c='config_output'/>
<use f='ffmpeg/libavfilter/vf_v360.c' l='4654' u='w' c='config_output'/>
<use f='ffmpeg/libavfilter/vf_v360.c' l='4657' u='w' c='config_output'/>
<use f='ffmpeg/libavfilter/vf_v360.c' l='4657' u='w' c='config_output'/>
<use f='ffmpeg/libavfilter/vf_v360.c' l='4658' u='w' c='config_output'/>
<use f='ffmpeg/libavfilter/vf_v360.c' l='4658' u='w' c='config_output'/>
<offset>4416</offset>
