<use f='halide/build-apps/flatbuffers/include/flatbuffers/flexbuffers.h' l='303'/>
<inh f='halide/build-apps/flatbuffers/include/flatbuffers/flexbuffers.h' l='268' c='flexbuffers::Vector'/>
<def f='halide/build-apps/flatbuffers/include/flatbuffers/flexbuffers.h' l='330' ll='356'/>
<use f='halide/build-apps/flatbuffers/include/flatbuffers/flexbuffers.h' l='348' c='_ZN11flexbuffers3Map8EmptyMapEv'/>
<use f='halide/build-apps/flatbuffers/include/flatbuffers/flexbuffers.h' l='352' c='_ZN11flexbuffers3Map8EmptyMapEv'/>
<use f='halide/build-apps/flatbuffers/include/flatbuffers/flexbuffers.h' l='645' c='_ZNK11flexbuffers9Reference5AsMapEv'/>
<use f='halide/build-apps/flatbuffers/include/flatbuffers/flexbuffers.h' l='647' c='_ZNK11flexbuffers9Reference5AsMapEv'/>
<use f='halide/build-apps/flatbuffers/include/flatbuffers/flexbuffers.h' l='800' c='_ZNK11flexbuffers9Reference2AsEv'/>
<use f='halide/build-apps/flatbuffers/include/flatbuffers/flexbuffers.h' l='800' c='_ZNK11flexbuffers9Reference2AsEv'/>
<use f='halide/build-apps/_deps/tflite-src/tensorflow/lite/kernels/audio_spectrogram.cc' l='56' c='_ZN6tflite3ops6custom17audio_spectrogram4InitEP13TfLiteContextPKcm'/>
<size>24</size>
<fun r='_ZN11flexbuffers3MapC1EPKhh'/>
<fun r='_ZNK11flexbuffers3MapixEPKc'/>
<fun r='_ZNK11flexbuffers3MapixERKNSt7__cxx1112basic_stringIcSt11char_traitsIcESaIcEEE'/>
<fun r='_ZNK11flexbuffers3Map6ValuesEv'/>
<fun r='_ZNK11flexbuffers3Map4KeysEv'/>
<fun r='_ZN11flexbuffers3Map8EmptyMapEv'/>
<fun r='_ZNK11flexbuffers3Map13IsTheEmptyMapEv'/>
<fun r='_ZNK11flexbuffers3MapixEPKc'/>
<fun r='_ZNK11flexbuffers3MapixERKNSt7__cxx1112basic_stringIcSt11char_traitsIcESaIcEEE'/>
<use f='halide/build-apps/_deps/tflite-src/tensorflow/lite/kernels/detection_postprocess.cc' l='107' c='_ZN6tflite3ops6custom21detection_postprocess4InitEP13TfLiteContextPKcm'/>
<size>24</size>
<use f='halide/build-apps/_deps/tflite-src/tensorflow/lite/kernels/mfcc.cc' l='58' c='_ZN6tflite3ops6custom4mfcc4InitEP13TfLiteContextPKcm'/>
<size>24</size>
<use f='halide/build-apps/_deps/tflite-src/tensorflow/lite/kernels/numeric_verify.cc' l='73' c='_ZN6tflite3ops6custom14numeric_verify4InitEP13TfLiteContextPKcm'/>
<size>24</size>
